// Jest Snapshot v1, https://goo.gl/fbAQLP

exports[`AddTodo Component Renders self and children 1`] = `
<View
  testID="form"
>
  <TextInput
    allowFontScaling={true}
    onChangeText={[Function]}
    placeholder="Add a Task..."
    rejectResponderTermination={true}
    testID="textInput"
    underlineColorAndroid="transparent"
    value=""
  />
  <View
    accessibilityRole="button"
    accessibilityStates={Array []}
    accessible={true}
    isTVSelectable={true}
    onResponderGrant={[Function]}
    onResponderMove={[Function]}
    onResponderRelease={[Function]}
    onResponderTerminate={[Function]}
    onResponderTerminationRequest={[Function]}
    onStartShouldSetResponder={[Function]}
    style={
      Object {
        "opacity": 1,
      }
    }
    testID="addButton"
  >
    <View
      style={
        Array [
          Object {},
        ]
      }
    >
      <Text
        style={
          Array [
            Object {
              "color": "#007AFF",
              "fontSize": 18,
              "padding": 8,
              "textAlign": "center",
            },
          ]
        }
      >
        Add
      </Text>
    </View>
  </View>
</View>
`;
